[backblue.gif]
[fade.gif]
[index.html]
[dichvufb.net/media/files/dichvufb-net.png]
[www.google-analytics.com/analytics.js]
[dichvufb.net/site/wp-content/plugins/LayerSlider/static/js/greensock.js]
[dichvufb.net/site/wp-includes/js/jquery/jquery.js]
[dichvufb.net/site/wp-includes/js/jquery/jquery-migrate.min.js]
[dichvufb.net/site/wp-content/plugins/LayerSlider/static/js/layerslider.kreaturamedia.jquery.js]
[dichvufb.net/site/wp-content/plugins/LayerSlider/static/js/layerslider.transitions.js]
[dichvufb.net/site/wp-content/plugins/revslider/rs-plugin/js/jquery.themepunch.tools.min.js]
[dichvufb.net/site/wp-content/plugins/revslider/rs-plugin/js/jquery.themepunch.revolution.min.js]
[dichvufb.net/site/wp-content/themes/fbetech/js/above-the-fold.min.js]
[dichvufb.net/site/wp-content/plugins/Ultimate_VC_Addons/assets/min-js/ultimate.min.js]
[dichvufb.net/media/files/logo.png]
[dichvufb.net/media/files/slide-dichvufb.png]
[dichvufb.net/media/files/slide-dichvufb-2.png]
[dichvufb.net/media/files/slide-dichvufb-3.png]
[dichvufb.net/media/files/dich-vu-mang-xa-hoi.png]
[dichvufb.net/media/files/xoa-nick-facebook.png]
[dichvufb.net/media/files/tang-theo-doi-facebook.png]
[dichvufb.net/media/files/mo-khoa-facebook.png]
[dichvufb.net/media/files/tang-like-facebook.png]
[dichvufb.net/media/files/tang-luot-xem-facebook.png]
[dichvufb.net/web_service_v5/media/files/hoanghongvan.jpg]
[dichvufb.net/web_service_v5/media/files/nanymy.jpg]
[dichvufb.net/web_service_v5/media/files/thuylao.jpg]
[dichvufb.net/site/wp-content/themes/1/js-image-slider.js]
[apis.google.com/js/plusone.js]
[connect.facebook.net/vi_VN/sdk/xfbml.customerchat.js]
[dichvufb.net/site/wp-content/plugins/contact-form-7/includes/js/jquery.form.min.js]
[dichvufb.net/site/wp-content/plugins/contact-form-7/includes/js/scripts.js]
[dichvufb.net/site/wp-content/plugins/go_pricing/assets/js/go_pricing_scripts.js]
[dichvufb.net/site/wp-includes/js/mediaelement/mediaelement-and-player.min.js]
[dichvufb.net/site/wp-includes/js/mediaelement/wp-mediaelement.js]
[dichvufb.net/site/wp-content/themes/fbetech/js/main.min.js]
[dichvufb.net/site/wp-content/plugins/js_composer/assets/js/js_composer_front.js]
[dichvufb.net/site/wp-includes/js/jquery/ui/core.min.js]
[dichvufb.net/site/wp-includes/js/jquery/ui/widget.min.js]
[dichvufb.net/site/wp-includes/js/jquery/ui/tabs.min.js]
[dichvufb.net/site/wp-content/plugins/js_composer/assets/lib/jquery-ui-tabs-rotate/jquery-ui-tabs-rotate.js]
[dichvufb.net/index.html]
[dichvufb.net/site/wp-content/plugins/js_composer/assets/lib/jquery-waypoints/waypoints.min.js]
[dichvufb.net/site/wp-content/plugins/LayerSlider/static/css/blank.gif]
[dichvufb.net/site/wp-content/plugins/LayerSlider/static/css/layerslider9dff.css]
[dichvufb.net/site/wp-content/plugins/contact-form-7/includes/css/stylesd7b7.css]
[dichvufb.net/site/wp-content/plugins/go_pricing/assets/plugins/js/mediaelementjs/bigplay.png]
[dichvufb.net/site/wp-content/plugins/go_pricing/assets/plugins/js/mediaelementjs/loading.gif]
[dichvufb.net/site/wp-content/plugins/go_pricing/assets/plugins/js/mediaelementjs/controls.png]
[dichvufb.net/site/wp-content/plugins/go_pricing/assets/plugins/js/mediaelementjs/mediaelementplayer.min747d.css]
[dichvufb.net/site/wp-content/plugins/go_pricing/assets/plugins/js/mediaelementjs/skin/bigplay.png]
[dichvufb.net/site/wp-content/plugins/go_pricing/assets/plugins/js/mediaelementjs/skin/loading.gif]
[dichvufb.net/site/wp-content/plugins/go_pricing/assets/plugins/js/mediaelementjs/skin/background.png]
[dichvufb.net/site/wp-content/plugins/go_pricing/assets/plugins/js/mediaelementjs/skin/sep.png]
[dichvufb.net/site/wp-content/plugins/go_pricing/assets/plugins/js/mediaelementjs/skin/controls.png]
[dichvufb.net/site/wp-content/plugins/go_pricing/assets/plugins/js/mediaelementjs/skin/mediaelementplayer747d.css]
[dichvufb.net/site/wp-content/plugins/recent-tweets-widget/assets/tweet.png]
[dichvufb.net/site/wp-content/plugins/recent-tweets-widget/tp_twitter_plugin5152.css]
[dichvufb.net/site/wp-content/plugins/revslider/rs-plugin/assets/gridtile.png]
[dichvufb.net/site/wp-content/plugins/revslider/rs-plugin/assets/gridtile_white.png]
[dichvufb.net/site/wp-content/plugins/revslider/rs-plugin/assets/gridtile_3x3.png]
[dichvufb.net/site/wp-content/plugins/revslider/rs-plugin/assets/gridtile_3x3_white.png]
[dichvufb.net/site/wp-content/plugins/revslider/rs-plugin/assets/shadow1.png]
[dichvufb.net/site/wp-content/plugins/revslider/rs-plugin/assets/shadow2.png]
[dichvufb.net/site/wp-content/plugins/revslider/rs-plugin/assets/shadow3.png]
[dichvufb.net/site/wp-content/plugins/revslider/rs-plugin/images/gradient/g30.png]
[dichvufb.net/site/wp-content/plugins/revslider/rs-plugin/images/gradient/g40.png]
[dichvufb.net/site/wp-content/plugins/revslider/rs-plugin/assets/boxed_bgtile.png]
[dichvufb.net/site/wp-content/plugins/revslider/rs-plugin/assets/navigdots_bgtile.png]
[dichvufb.net/site/wp-content/plugins/revslider/rs-plugin/assets/bullet.png]
[dichvufb.net/site/wp-content/plugins/revslider/rs-plugin/assets/bullets.png]
[dichvufb.net/site/wp-content/plugins/revslider/rs-plugin/assets/bullets2.png]
[dichvufb.net/site/wp-content/plugins/revslider/rs-plugin/assets/bullet_boxed.png]
[dichvufb.net/site/wp-content/plugins/revslider/rs-plugin/assets/navigdots.png]
[dichvufb.net/site/wp-content/plugins/revslider/rs-plugin/assets/large_left.png]
[dichvufb.net/site/wp-content/plugins/revslider/rs-plugin/assets/large_right.png]
[dichvufb.net/site/wp-content/plugins/revslider/rs-plugin/assets/small_left.png]
[dichvufb.net/site/wp-content/plugins/revslider/rs-plugin/assets/small_right.png]
[dichvufb.net/site/wp-content/plugins/revslider/rs-plugin/assets/arrow_left.png]
[dichvufb.net/site/wp-content/plugins/revslider/rs-plugin/assets/arrow_right.png]
[dichvufb.net/site/wp-content/plugins/revslider/rs-plugin/assets/small_left_boxed.png]
[dichvufb.net/site/wp-content/plugins/revslider/rs-plugin/assets/small_right_boxed.png]
[dichvufb.net/site/wp-content/plugins/revslider/rs-plugin/assets/arrowleft.png]
[dichvufb.net/site/wp-content/plugins/revslider/rs-plugin/assets/arrowright.png]
[dichvufb.net/site/wp-content/plugins/revslider/rs-plugin/assets/arrow_left2.png]
[dichvufb.net/site/wp-content/plugins/revslider/rs-plugin/assets/arrow_right2.png]
[dichvufb.net/site/wp-content/plugins/revslider/rs-plugin/assets/coloredbg.png]
[dichvufb.net/site/wp-content/plugins/revslider/rs-plugin/assets/loader.gif]
[dichvufb.net/site/wp-content/plugins/revslider/rs-plugin/css/settings1dc6.css]
[dichvufb.net/site/wp-content/plugins/js_composer/assets/images/icons/address-book.png]
[dichvufb.net/site/wp-content/plugins/js_composer/assets/images/icons/alarm-clock.png]
[dichvufb.net/site/wp-content/plugins/js_composer/assets/images/icons/anchor.png]
[dichvufb.net/site/wp-content/plugins/js_composer/assets/images/icons/application-image.png]
[dichvufb.net/site/wp-content/plugins/js_composer/assets/images/icons/arrow.png]
[dichvufb.net/site/wp-content/plugins/js_composer/assets/images/icons/asterisk.png]
[dichvufb.net/site/wp-content/plugins/js_composer/assets/images/icons/auction-hammer.png]
[dichvufb.net/site/wp-content/plugins/js_composer/assets/images/icons/balloon.png]
[dichvufb.net/site/wp-content/plugins/js_composer/assets/images/icons/balloon-buzz.png]
[dichvufb.net/site/wp-content/plugins/js_composer/assets/images/icons/balloon-facebook.png]
[dichvufb.net/site/wp-content/plugins/js_composer/assets/images/icons/balloon-twitter.png]
[dichvufb.net/site/wp-content/plugins/js_composer/assets/images/icons/battery-full.png]
[dichvufb.net/site/wp-content/plugins/js_composer/assets/images/icons/binocular.png]
[dichvufb.net/site/wp-content/plugins/js_composer/assets/images/icons/blue-document-excel.png]
[dichvufb.net/site/wp-content/plugins/js_composer/assets/images/icons/blue-document-image.png]
[dichvufb.net/site/wp-content/plugins/js_composer/assets/images/icons/blue-document-music.png]
[dichvufb.net/site/wp-content/plugins/js_composer/assets/images/icons/blue-document-office.png]
[dichvufb.net/site/wp-content/plugins/js_composer/assets/images/icons/blue-document-pdf.png]
[dichvufb.net/site/wp-content/plugins/js_composer/assets/images/icons/blue-document-powerpoint.png]
[dichvufb.net/site/wp-content/plugins/js_composer/assets/images/icons/blue-document-word.png]
[dichvufb.net/site/wp-content/plugins/js_composer/assets/images/icons/bookmark.png]
[dichvufb.net/site/wp-content/plugins/js_composer/assets/images/icons/camcorder.png]
[dichvufb.net/site/wp-content/plugins/js_composer/assets/images/icons/camera.png]
[dichvufb.net/site/wp-content/plugins/js_composer/assets/images/icons/chart.png]
[dichvufb.net/site/wp-content/plugins/js_composer/assets/images/icons/chart-pie.png]
[dichvufb.net/site/wp-content/plugins/js_composer/assets/images/icons/clock.png]
[dichvufb.net/site/wp-content/plugins/js_composer/assets/images/icons/control.png]
[dichvufb.net/site/wp-content/plugins/js_composer/assets/images/icons/fire.png]
[dichvufb.net/site/wp-content/plugins/js_composer/assets/images/icons/heart.png]
[dichvufb.net/site/wp-content/plugins/js_composer/assets/images/icons/mail.png]
[dichvufb.net/site/wp-content/plugins/js_composer/assets/images/icons/plus-shield.png]
[dichvufb.net/site/wp-content/plugins/js_composer/assets/images/icons/video.png]
[dichvufb.net/site/wp-content/plugins/js_composer/assets/vc/alert.png]
[dichvufb.net/site/wp-content/plugins/js_composer/assets/vc/info.png]
[dichvufb.net/site/wp-content/plugins/js_composer/assets/vc/tick.png]
[dichvufb.net/site/wp-content/plugins/js_composer/assets/vc/exclamation.png]
[dichvufb.net/site/wp-content/plugins/js_composer/assets/images/toggle_open.png]
[dichvufb.net/site/wp-content/plugins/js_composer/assets/images/toggle_close.png]
[dichvufb.net/site/wp-content/plugins/js_composer/assets/images/flickr.png]
[dichvufb.net/site/wp-content/plugins/js_composer/assets/css/js_composer8f76.css]
[dichvufb.net/site/wp-content/themes/fbetech/fonts-soc-ico/dream-theme.eot]
[dichvufb.net/site/wp-content/themes/fbetech/fonts-soc-ico/dream-themed41d.eot]
[dichvufb.net/site/wp-content/themes/fbetech/fonts-soc-ico/dream-theme.ttf]
[dichvufb.net/site/wp-content/themes/fbetech/fonts-soc-ico/dream-theme.woff]
[dichvufb.net/site/wp-content/themes/fbetech/images/loader.gif]
[dichvufb.net/site/wp-content/themes/fbetech/images/mask.png]
[dichvufb.net/site/wp-content/themes/fbetech/royalslider/grab.png]
[dichvufb.net/site/wp-content/themes/fbetech/royalslider/grabbing.png]
[dichvufb.net/site/wp-content/themes/fbetech/css/main.minf488.css]
[dichvufb.net/site/wp-content/themes/fbetech/fonts/fontawesome-webfont78ce.woff]
[dichvufb.net/site/wp-content/themes/fbetech/css/font-awesome.minf488.css]
[dichvufb.net/site/wp-content/themes/fbetech/css/fontello/font/fontello6fbf.woff]
[dichvufb.net/site/wp-content/themes/fbetech/css/fontello/css/fontellof488.css]
[dichvufb.net/site/wp-content/uploads/wp-less/fbetech/css/main-b5502717c8f488.css]
[dichvufb.net/site/wp-content/themes/fbetech/inc/presets/images/full/skin06b.general-boxed-bg-image.jpg]
[dichvufb.net/site/wp-content/themes/fbetech/images/backgrounds/patterns/full/brickwall.gif]
[dichvufb.net/site/wp-content/themes/fbetech/inc/presets/images/full/skin06r.stripes-stripe-3-bg-image.jpg]
[dichvufb.net/site/wp-content/uploads/wp-less/fbetech/css/custom-043f13f2c3f488.css]
[dichvufb.net/site/wp-content/uploads/wp-less/fbetech/css/media-91510f0a42f488.css]
[dichvufb.net/site/wp-content/themes/fbetech/stylef488.css]
[dichvufb.net/site/wp-content/plugins/Ultimate_VC_Addons/assets/img/cross.png]
[dichvufb.net/site/wp-content/plugins/Ultimate_VC_Addons/assets/images/fabric.png]
[dichvufb.net/site/wp-content/plugins/Ultimate_VC_Addons/assets/images/cover.jpg]
[dichvufb.net/site/wp-content/plugins/Ultimate_VC_Addons/assets/min-css/ultimate.min3088.css]
[dichvufb.net/site/wp-content/uploads/smile_fonts/Defaults/Defaults0ea5.css]
[dichvufb.net/media/files/tang-binh-luan-facebook.png]
[dichvufb.net/media/files/tang-chia-se-livestream.png]
[dichvufb.net/media/files/tang-tuong-tac-facebook.png]
[dichvufb.net/media/files/tang-mat-livestream.png]
[dichvufb.net/media/files/tang-member-group.png]
[dichvufb.net/media/files/tang-theo-doi-instagram.png]
[dichvufb.net/danh-muc/dich-vu-facebook.html]
[dichvufb.net/media/images/dichvufb/tang-theo-doi.png]
[dichvufb.net/media/images/tang-follow.png]
[dichvufb.net/media/images/tang-theo-doi.png]
[dichvufb.net/media/images/bang-gia-tang-theo-doi.png]
[dichvufb.net/bai-viet/tang-theo-doi-facebook.html]
[dichvufb.net/media/images/dichvufb/tang-like-bai-viet.png]
[dichvufb.net/media/images/tang-like-ca-nhan.png]
[dichvufb.net/media/images/tang-like-tu-dong.png]
[dichvufb.net/media/images/dichvufb/bang-gia-tang-like-bai-viet-fb.png]
[dichvufb.net/media/images/tang-like-bai-viet.png]
[dichvufb.net/bai-viet/tang-like-bai-viet-tu-dong.html]
[dichvufb.net/media/images/dichvufb/tang-binh-luan.png]
[dichvufb.net/media/images/tang-cmt.png]
[dichvufb.net/media/images/dichvufb/bang-gia-tang-binh-luan-fb.png]
[dichvufb.net/bai-viet/tang-binh-luan-facebook.html]
[dichvufb.net/media/images/dichvufb/tang-share-livestream.png]
[dichvufb.net/media/images/tang-chia-se-livestream.png]
[dichvufb.net/media/images/tang-share.png]
[dichvufb.net/media/images/bang-gia-tang-share-livestream-theo-thang.png]
[dichvufb.net/bai-viet/tang-chia-se-livestream.html]
[dichvufb.net/media/images/dichvufb/tang-view-video.png]
[dichvufb.net/media/images/tang-view.png]
[dichvufb.net/bai-viet/tang-view-video-facebook.html]
[dichvufb.net/media/images/dichvufb/tang-tuong-tac.png]
[dichvufb.net/media/images/auto-tha-tim.png]
[dichvufb.net/media/images/tangtuongtac.png]
[dichvufb.net/bai-viet/auto-tuong-tac-ban-be.html]
[dichvufb.net/media/images/dichvufb/tang-mat-livestream.png]
[dichvufb.net/media/images/tang-livestream-fb.png]
[dichvufb.net/media/images/thang-livestream-fb-2.png]
[dichvufb.net/media/images/tang-livestream-3.png]
[dichvufb.net/media/images/tang-live-stream-4.png]
[dichvufb.net/media/images/tang-mat-livestream.png]
[dichvufb.net/media/images/dichvufb/bang-gia-tang-mat-livestream-fb.png]
[dichvufb.net/bai-viet/tang-mat-livestream-facebook.html]
[dichvufb.net/media/images/tang-thanh-vien-group.png]
[dichvufb.net/bai-viet/tang-thanh-vien-group-fb.html]
[dichvufb.net/media/images/dichvufb/tang-follow-instagram.png]
[dichvufb.net/media/images/tang-theo-doi-instagram.png]
[dichvufb.net/media/images/tang-follow-instagram.png]
[dichvufb.net/bai-viet/tang-theo-doi-instagram.html]
[dichvufb.net/bai-viet/bang-gia-dich-vu-facebook.html]
[dichvufb.net/media/files/lay-lai-facebook.png]
[dichvufb.net/media/files/bao-mat-facebook.png]
[dichvufb.net/danh-muc/bao-mat-facebook.html]
[dichvufb.net/media/images/dichvufb/mo-khoa-fb.png]
[dichvufb.net/web_service_v5/media/images/mokhoafb1.png]
[dichvufb.net/web_service_v5/media/images/mokhoafb-2.png]
[dichvufb.net/web_service_v5/media/images/mokhoafb-3.png]
[dichvufb.net/web_service_v5/media/images/mokhoafb-4.png]
[dichvufb.net/media/images/mokhoafb-8.png]
[dichvufb.net/media/images/mokhoafb-6.png]
[dichvufb.net/media/images/mokhoafb-7.png]
[dichvufb.net/media/images/mokhoafb-5.png]
[dichvufb.net/web_service_v5/media/images/quy-trinh-mo-khoa.png]
[dichvufb.net/media/images/dichvufb/bang-gia-mo-khoa-fb.png]
[dichvufb.net/bai-viet/mo-khoa-tai-khoan-facebook.html]
[dichvufb.net/media/images/dichvufb/xoa-fb.png]
[dichvufb.net/media/images/xoa-nick.png]
[dichvufb.net/media/images/dichvufb/bang-gia-xoa-fb.png]
[dichvufb.net/bai-viet/khoa-tai-khoan-facebook.html]
[dichvufb.net/media/images/dichvufb/lay-lai-tai-khoan-fb.png]
[dichvufb.net/media/images/dichvufb/bang-gia-lay-lai-fb.png]
[dichvufb.net/bai-viet/lay-lai-tai-khoan-facebook.html]
[dichvufb.net/media/images/dichvufb/bao-mat-fb.png]
[dichvufb.net/media/images/dichvufb/bang-gia-bao-mat-fb.png]
[dichvufb.net/bai-viet/bao-mat-tai-khoan-facebook.html]
[dichvufb.net/bai-viet/bao-mat-instagram.html]
[dichvufb.net/media/files/tang-like-fanpage.png]
[dichvufb.net/media/files/doi-ten-fanpage.png]
[dichvufb.net/media/files/tang-vote-fanpage.png]
[dichvufb.net/media/files/mua-ban-fanpage.png]
[dichvufb.net/danh-muc/dich-vu-fanpage.html]
[dichvufb.net/media/images/dichvufb/tang-like-fanpage.png]
[dichvufb.net/media/images/tanglikefanpage.png]
[dichvufb.net/bai-viet/tang-like-fanpage-facebook.html]
[dichvufb.net/media/images/dichvufb/doi-ten-fanpage.png]
[dichvufb.net/bai-viet/doi-ten-fanpage-facebook.html]
[dichvufb.net/media/images/dichvufb/tang-de-xuat-fanpage.png]
[dichvufb.net/bai-viet/tang-danh-gia-5-sao-fanpage.html]
[dichvufb.net/media/images/dichvufb/mua-ban-fanpage.png]
[dichvufb.net/bai-viet/mua-ban-fanpage-facebook.html]
[dichvufb.net/lien-he.html]
[dichvufb.net/site/wp-content/themes/1/js-image-slider.css]
[connect.facebook.net/vi_VN/sdk/xfbml.customerchat.js]
[dichvufb.net/site/wp-content/plugins/go_pricing/assets/plugins/js/mediaelementjs/bigplay.svg]
[dichvufb.net/site/wp-content/plugins/go_pricing/assets/plugins/js/mediaelementjs/controls.svg]
[dichvufb.net/tags/dich-vu-tang-theo-doi-fb.html]
[dichvufb.net/tags/tang-sub-facebook.html]
[dichvufb.net/tags/tang-theo-doi-ca-nhan.html]
[dichvufb.net/tags/tang-sub-gia-re.html]
[dichvufb.net/tags/tang-follow-cho-facebook.html]
[dichvufb.net/tags/tang-sub-fb.html]
[dichvufb.net/tags/tang-sub-that.html]
[dichvufb.net/tags/tang-sub-uy-tin.html]
[dichvufb.net/tags/tang-follow-fb.html]
[dichvufb.net/tags/tang-theo-doi-ban-hang.html]
[dichvufb.net/tags/dichvufb.html]
[dichvufb.net/tags/dich-vu-tang-like-bai-viet-tu-dong-fb.html]
[dichvufb.net/tags/tang-like-bai-viet-facebook.html]
[dichvufb.net/tags/tang-like-post-fb.html]
[dichvufb.net/tags/tang-like-video-fb.html]
[dichvufb.net/tags/auto-like-bai-viet-fb.html]
[dichvufb.net/tags/like-post-facebook.html]
[dichvufb.net/tags/tang-like-ban-hang-fb.html]
[dichvufb.net/tags/tang-like-tuong-tac.html]
[dichvufb.net/tags/dich-vu-auto-like.html]
[dichvufb.net/tags/tang-like-wall.html]
[dichvufb.net/tags/dich-vu-tang-like-gia-re.html]
[dichvufb.net/tags/dichvufb-2.html]
[dichvufb.net/tags/tang-cmt-fb.html]
[dichvufb.net/tags/dich-vu-auto-cmt-facebook.html]
[dichvufb.net/tags/dich-vu-tang-binh-luan-facebook.html]
[dichvufb.net/tags/auto-binh-luan-fb.html]
[dichvufb.net/tags/tang-cmt-gia-re.html]
[dichvufb.net/tags/tang-share-livestream-facebook.html]
[dichvufb.net/tags/tang-chia-se-livestream-fb.html]
[dichvufb.net/tags/dich-vu-tang-luot-chia-se-livestream-gia-re.html]
[dichvufb.net/tags/tang-share-live-fb.html]
[dichvufb.net/tags/tang-view-video-facebook.html]
[dichvufb.net/tags/dich-vu-tang-luot-xem-video-gia-re.html]
[dichvufb.net/tags/dich-vu-tang-view-fb.html]
[dichvufb.net/tags/tang-luot-xem-facebook.html]
[dichvufb.net/tags/tang-view-facebook-uy-tin.html]
[dichvufb.net/tags/tang-view-gia-re.html]
[dichvufb.net/tags/tang-view-fb-dichvufb.html]
[dichvufb.net/tags/auto-tuong-tac-facebook.html]
[dichvufb.net/tags/dich-vu-tuong-tac-ban-be-fb.html]
[dichvufb.net/tags/dich-vu-auto-like-ban-be-fb.html]
[dichvufb.net/tags/lay-lai-tuong-tac-fb.html]
[dichvufb.net/tags/auto-tuong-tac-ban-be.html]
[dichvufb.net/tags/-auto-cam-xuc-fb.html]
[dichvufb.net/tags/auto-tha-tim-fb.html]
[dichvufb.net/tags/tang-tuong-tac-fb.html]
[dichvufb.net/tags/dich-vu-tang-mat-livestream-facebook.html]
[dichvufb.net/tags/tang-con-mat-live-ban-hang-fb.html]
[dichvufb.net/tags/tang-mat-live-fb-ban-hang.html]
[dichvufb.net/tags/dv-tang-mat-livestream-uy-tin.html]
[dichvufb.net/tags/-mat-live-stream-gia-re.html]
[dichvufb.net/tags/tang-thanh-vien-group-facebook.html]
[dichvufb.net/tags/dich-vu-tang-nguoi-vao-nhom-fb.html]
[dichvufb.net/tags/dich-vu-add-mem-group-fb.html]
[dichvufb.net/tags/tang-thanh-vien-vao-nhom-fb.html]
[dichvufb.net/tags/dich-vu-tang-theo-doi-instagram.html]
[dichvufb.net/tags/dich-vu-follow-insta.html]
[dichvufb.net/tags/tang-sub-instagram.html]
[dichvufb.net/tags/dv-tang-sub-insta.html]
[dichvufb.net/tags/tang-follow-instagram.html]
[dichvufb.net/tags/bang-gia-dich-vu-fb.html]
[dichvufb.net/tags/bao-gia-dich-vu-facebook.html]
[dichvufb.net/tags/dich-vu-mo-khoa-tai-khoan-facebook.html]
[dichvufb.net/tags/mo-khoa-faq-fb.html]
[dichvufb.net/tags/mo-khoa-acc-fb-nhanh.html]
[dichvufb.net/tags/mo-khoa-nick-fb-gia-re.html]
[dichvufb.net/tags/dv-mo-khoa-fb-uy-tin.html]
[dichvufb.net/tags/mo-khoa-checkpoint.html]
[dichvufb.net/tags/mo-khoa-xac-minh-danh-tinh.html]
[dichvufb.net/tags/mo-khoa-mao-danh.html]
[dichvufb.net/tags/mo-khoa-fb.html]
[dichvufb.net/tags/mo-khoa-facebook.html]
[dichvufb.net/tags/mo-khoa-facebook-uy-tin.html]
[dichvufb.net/tags/unlock-faq-277.html]
[dichvufb.net/tags/unlock-faq.html]
[dichvufb.net/tags/dich-vu-khoa-tai-khoan-facebook.html]
[dichvufb.net/tags/report-nick-fb-gia-re.html]
[dichvufb.net/tags/khoa-acc-facebook-uy-tin.html]
[dichvufb.net/tags/rip-nick-fb.html]
[dichvufb.net/tags/xoa-nick-facebook.html]
[dichvufb.net/tags/dv-rip-acc-fb.html]
[dichvufb.net/tags/xoa-nick-mao-danh.html]
[dichvufb.net/tags/xoa-tai-khoan-facebook.html]
[dichvufb.net/tags/xoa-fb-gia-mao.html]
[dichvufb.net/tags/dich-vu-xoa-nhom-facebook.html]
[dichvufb.net/tags/dich-vu-xoa-fanpage.html]
[dichvufb.net/tags/dich-vu-xoa-page.html]
[dichvufb.net/tags/dich-vu-lay-lai-tai-khoan-facebook.html]
[dichvufb.net/tags/dich-vu-lay-lai-pass-fb.html]
[dichvufb.net/tags/lay-lai-mat-khau-fb.html]
[dichvufb.net/tags/quen-mat-khau-facebook.html]
[dichvufb.net/tags/dich-vu-lay-lai-nick-facebook.html]
[dichvufb.net/tags/lay-lai-acc-fb-bi-hack-dichvufb.html]
[dichvufb.net/tags/dich-vu-bao-mat-tai-khoan-facebook.html]
[dichvufb.net/tags/bao-ve-nick-facebook-chong-hack.html]
[dichvufb.net/tags/bao-mat-nick-fb.html]
[dichvufb.net/tags/bao-mat-acc-facebook-chong-rip.html]
[dichvufb.net/tags/bao-ve-fb-tranh-hack.html]
[dichvufb.net/tags/bao-mat-2-lop-facebook.html]
[dichvufb.net/tags/bao-mat-facebook-chong-report.html]
[dichvufb.net/tags/bao-mat-fb-dichvufb.html]
[dichvufb.net/tags/bao-mat-instagram.html]
[dichvufb.net/tags/bao-ve-insta-2021.html]
[dichvufb.net/tags/chong-hack-instagram.html]
[dichvufb.net/tags/chong-rip-instagram-2021.html]
[dichvufb.net/tags/dich-vu-tang-like-fanpage.html]
[dichvufb.net/tags/tang-like-trang-fb.html]
[dichvufb.net/tags/tang-like-trang-facebook.html]
[dichvufb.net/tags/tang-like-page.html]
[dichvufb.net/tags/tang-luot-thich-page.html]
[dichvufb.net/tags/tang-like-page-gia-re-dichvufb.html]
[dichvufb.net/tags/doi-ten-fanpage.html]
[dichvufb.net/tags/dich-vu-doi-ten-fanpage-gia-re.html]
[dichvufb.net/tags/doi-ten-page.html]
[dichvufb.net/tags/doi-ten-trang-facebook.html]
[dichvufb.net/tags/tang-danh-gia-5-sao-facebook.html]
[dichvufb.net/tags/danh-gia-nam-sao-fb.html]
[dichvufb.net/tags/dich-vu-danh-gia-5-sao-fanpage.html]
[dichvufb.net/tags/dich-vu-danh-gia-sao-vang-fb.html]
[dichvufb.net/tags/tang-vote-fanpage.html]
[dichvufb.net/tags/tang-vote-fb.html]
[dichvufb.net/tags/mua-ban-fanpage-facebook.html]
[dichvufb.net/tags/dich-vu-ban-fanpage.html]
[dichvufb.net/tags/dich-vu-mua-fanpage.html]
[dichvufb.net/tags/mua-ban-page-co-san.html]
[dichvufb.net/tags/mua-page-tuong-tac-cao.html]
[dichvufb.net/tags/mua-page-gia-re.html]
[dichvufb.net/tags/mua-page-fb.html]
[dichvufb.net/chrome-extension_/index.html]
[dichvufb.net/^([^_/indexd41d.html]
[dichvufb.net/ABCDEFGHIJKLMNOPQRSTUVWXYZabcdefghijklmnopqrstuvwxyz0123456789+/index.html]
[dichvufb.net/dialog/index.html]
